
Admin@Garima-Pathak MINGW64 ~/Desktop/GitPro
$ notepad++
bash: notepad++: command not found

Admin@Garima-Pathak MINGW64 ~/Desktop/GitPro
$ git config –-gobal core.editor
fatal: not in a git directory

Admin@Garima-Pathak MINGW64 ~/Desktop/GitPro
$ git config –-gobal core.editor "C:\Program Files\Notepad++\notepad.exe"
fatal: not in a git directory

Admin@Garima-Pathak MINGW64 ~/Desktop/GitPro
$ git config --global user.name
Garima

Admin@Garima-Pathak MINGW64 ~/Desktop/GitPro
$ git config --global user.email
garima.pathak@utu.ac.in

Admin@Garima-Pathak MINGW64 ~/Desktop/GitPro
$ git init
Initialized empty Git repository in C:/Users/Admin/Desktop/GitPro/.git/

Admin@Garima-Pathak MINGW64 ~/Desktop/GitPro (main)
$ git init
Reinitialized existing Git repository in C:/Users/Admin/Desktop/GitPro/.git/

Admin@Garima-Pathak MINGW64 ~/Desktop/GitPro (main)
$ ls
Hello.txt

Admin@Garima-Pathak MINGW64 ~/Desktop/GitPro (main)
$ git status
On branch main

No commits yet

Untracked files:
  (use "git add <file>..." to include in what will be committed)
        1.c
        Hello.txt

nothing added to commit but untracked files present (use "git add" to track)

Admin@Garima-Pathak MINGW64 ~/Desktop/GitPro (main)
$ git add sum.c

Admin@Garima-Pathak MINGW64 ~/Desktop/GitPro (main)
$ git status
On branch main

No commits yet

Changes to be committed:
  (use "git rm --cached <file>..." to unstage)
        new file:   sum.c

Untracked files:
  (use "git add <file>..." to include in what will be committed)
        Hello.txt


Admin@Garima-Pathak MINGW64 ~/Desktop/GitPro (main)
$ git commit -m "initial commit"
[main (root-commit) add1a05] initial commit
 1 file changed, 8 insertions(+)
 create mode 100644 sum.c

Admin@Garima-Pathak MINGW64 ~/Desktop/GitPro (main)
$ git long
git: 'long' is not a git command. See 'git --help'.

The most similar commands are
        clone
        log

Admin@Garima-Pathak MINGW64 ~/Desktop/GitPro (main)
$ git log
commit add1a050df40a2a874b865005f146516272575ce (HEAD -> main)
Author: Garima <garima.pathak@utu.ac.in>
Date:   Sat Nov 26 07:12:38 2022 +0530

    initial commit

Admin@Garima-Pathak MINGW64 ~/Desktop/GitPro (main)
$
